Archive member included to satisfy reference by file (symbol)

C:/ST/STM32CubeIDE_1.13.2/STM32CubeIDE/plugins/com.st.stm32cube.ide.mcu.externaltools.gnu-tools-for-stm32.11.3.rel1.win32_1.1.100.202309141235/tools/bin/../lib/gcc/arm-none-eabi/11.3.1/../../../../arm-none-eabi/lib/thumb/v7e-m+fp/hard\libm.a(libm_a-s_sin.o)
                              ./Core/Src/main.o (sin)
C:/ST/STM32CubeIDE_1.13.2/STM32CubeIDE/plugins/com.st.stm32cube.ide.mcu.externaltools.gnu-tools-for-stm32.11.3.rel1.win32_1.1.100.202309141235/tools/bin/../lib/gcc/arm-none-eabi/11.3.1/../../../../arm-none-eabi/lib/thumb/v7e-m+fp/hard\libm.a(libm_a-k_cos.o)
                              C:/ST/STM32CubeIDE_1.13.2/STM32CubeIDE/plugins/com.st.stm32cube.ide.mcu.externaltools.gnu-tools-for-stm32.11.3.rel1.win32_1.1.100.202309141235/tools/bin/../lib/gcc/arm-none-eabi/11.3.1/../../../../arm-none-eabi/lib/thumb/v7e-m+fp/hard\libm.a(libm_a-s_sin.o) (__kernel_cos)
C:/ST/STM32CubeIDE_1.13.2/STM32CubeIDE/plugins/com.st.stm32cube.ide.mcu.externaltools.gnu-tools-for-stm32.11.3.rel1.win32_1.1.100.202309141235/tools/bin/../lib/gcc/arm-none-eabi/11.3.1/../../../../arm-none-eabi/lib/thumb/v7e-m+fp/hard\libm.a(libm_a-k_sin.o)
                              C:/ST/STM32CubeIDE_1.13.2/STM32CubeIDE/plugins/com.st.stm32cube.ide.mcu.externaltools.gnu-tools-for-stm32.11.3.rel1.win32_1.1.100.202309141235/tools/bin/../lib/gcc/arm-none-eabi/11.3.1/../../../../arm-none-eabi/lib/thumb/v7e-m+fp/hard\libm.a(libm_a-s_sin.o) (__kernel_sin)
C:/ST/STM32CubeIDE_1.13.2/STM32CubeIDE/plugins/com.st.stm32cube.ide.mcu.externaltools.gnu-tools-for-stm32.11.3.rel1.win32_1.1.100.202309141235/tools/bin/../lib/gcc/arm-none-eabi/11.3.1/../../../../arm-none-eabi/lib/thumb/v7e-m+fp/hard\libm.a(libm_a-e_rem_pio2.o)
                              C:/ST/STM32CubeIDE_1.13.2/STM32CubeIDE/plugins/com.st.stm32cube.ide.mcu.externaltools.gnu-tools-for-stm32.11.3.rel1.win32_1.1.100.202309141235/tools/bin/../lib/gcc/arm-none-eabi/11.3.1/../../../../arm-none-eabi/lib/thumb/v7e-m+fp/hard\libm.a(libm_a-s_sin.o) (__ieee754_rem_pio2)
C:/ST/STM32CubeIDE_1.13.2/STM32CubeIDE/plugins/com.st.stm32cube.ide.mcu.externaltools.gnu-tools-for-stm32.11.3.rel1.win32_1.1.100.202309141235/tools/bin/../lib/gcc/arm-none-eabi/11.3.1/../../../../arm-none-eabi/lib/thumb/v7e-m+fp/hard\libm.a(libm_a-s_fabs.o)
                              C:/ST/STM32CubeIDE_1.13.2/STM32CubeIDE/plugins/com.st.stm32cube.ide.mcu.externaltools.gnu-tools-for-stm32.11.3.rel1.win32_1.1.100.202309141235/tools/bin/../lib/gcc/arm-none-eabi/11.3.1/../../../../arm-none-eabi/lib/thumb/v7e-m+fp/hard\libm.a(libm_a-e_rem_pio2.o) (fabs)
C:/ST/STM32CubeIDE_1.13.2/STM32CubeIDE/plugins/com.st.stm32cube.ide.mcu.externaltools.gnu-tools-for-stm32.11.3.rel1.win32_1.1.100.202309141235/tools/bin/../lib/gcc/arm-none-eabi/11.3.1/../../../../arm-none-eabi/lib/thumb/v7e-m+fp/hard\libm.a(libm_a-k_rem_pio2.o)
                              C:/ST/STM32CubeIDE_1.13.2/STM32CubeIDE/plugins/com.st.stm32cube.ide.mcu.externaltools.gnu-tools-for-stm32.11.3.rel1.win32_1.1.100.202309141235/tools/bin/../lib/gcc/arm-none-eabi/11.3.1/../../../../arm-none-eabi/lib/thumb/v7e-m+fp/hard\libm.a(libm_a-e_rem_pio2.o) (__kernel_rem_pio2)
C:/ST/STM32CubeIDE_1.13.2/STM32CubeIDE/plugins/com.st.stm32cube.ide.mcu.externaltools.gnu-tools-for-stm32.11.3.rel1.win32_1.1.100.202309141235/tools/bin/../lib/gcc/arm-none-eabi/11.3.1/../../../../arm-none-eabi/lib/thumb/v7e-m+fp/hard\libm.a(libm_a-s_scalbn.o)
                              C:/ST/STM32CubeIDE_1.13.2/STM32CubeIDE/plugins/com.st.stm32cube.ide.mcu.externaltools.gnu-tools-for-stm32.11.3.rel1.win32_1.1.100.202309141235/tools/bin/../lib/gcc/arm-none-eabi/11.3.1/../../../../arm-none-eabi/lib/thumb/v7e-m+fp/hard\libm.a(libm_a-k_rem_pio2.o) (scalbn)
C:/ST/STM32CubeIDE_1.13.2/STM32CubeIDE/plugins/com.st.stm32cube.ide.mcu.externaltools.gnu-tools-for-stm32.11.3.rel1.win32_1.1.100.202309141235/tools/bin/../lib/gcc/arm-none-eabi/11.3.1/../../../../arm-none-eabi/lib/thumb/v7e-m+fp/hard\libm.a(libm_a-s_floor.o)
                              C:/ST/STM32CubeIDE_1.13.2/STM32CubeIDE/plugins/com.st.stm32cube.ide.mcu.externaltools.gnu-tools-for-stm32.11.3.rel1.win32_1.1.100.202309141235/tools/bin/../lib/gcc/arm-none-eabi/11.3.1/../../../../arm-none-eabi/lib/thumb/v7e-m+fp/hard\libm.a(libm_a-k_rem_pio2.o) (floor)
C:/ST/STM32CubeIDE_1.13.2/STM32CubeIDE/plugins/com.st.stm32cube.ide.mcu.externaltools.gnu-tools-for-stm32.11.3.rel1.win32_1.1.100.202309141235/tools/bin/../lib/gcc/arm-none-eabi/11.3.1/../../../../arm-none-eabi/lib/thumb/v7e-m+fp/hard\libc_nano.a(libc_a-exit.o)
                              C:/ST/STM32CubeIDE_1.13.2/STM32CubeIDE/plugins/com.st.stm32cube.ide.mcu.externaltools.gnu-tools-for-stm32.11.3.rel1.win32_1.1.100.202309141235/tools/bin/../lib/gcc/arm-none-eabi/11.3.1/../../../../arm-none-eabi/lib/thumb/v7e-m+fp/hard/crt0.o (exit)
[...]
Memory Configuration

Name             Origin             Length             Attributes
RAM              0x0000000020000000 0x0000000000020000 xrw
FLASH            0x0000000008000000 0x0000000000080000 xr
*default*        0x0000000000000000 0xffffffffffffffff

Linker script and memory map

LOAD C:/ST/STM32CubeIDE_1.13.2/STM32CubeIDE/plugins/com.st.stm32cube.ide.mcu.externaltools.gnu-tools-for-stm32.11.3.rel1.win32_1.1.100.202309141235/tools/bin/../lib/gcc/arm-none-eabi/11.3.1/thumb/v7e-m+fp/hard/crti.o
LOAD C:/ST/STM32CubeIDE_1.13.2/STM32CubeIDE/plugins/com.st.stm32cube.ide.mcu.externaltools.gnu-tools-for-stm32.11.3.rel1.win32_1.1.100.202309141235/tools/bin/../lib/gcc/arm-none-eabi/11.3.1/thumb/v7e-m+fp/hard/crtbegin.o
LOAD C:/ST/STM32CubeIDE_1.13.2/STM32CubeIDE/plugins/com.st.stm32cube.ide.mcu.externaltools.gnu-tools-for-stm32.11.3.rel1.win32_1.1.100.202309141235/tools/bin/../lib/gcc/arm-none-eabi/11.3.1/../../../../arm-none-eabi/lib/thumb/v7e-m+fp/hard/crt0.o
LOAD ./Core/Src/main.o
LOAD ./Core/Src/stm32g4xx_hal_msp.o
LOAD ./Core/Src/stm32g4xx_it.o
LOAD ./Core/Src/syscalls.o
LOAD ./Core/Src/sysmem.o
LOAD ./Core/Src/system_stm32g4xx.o
LOAD ./Core/Startup/startup_stm32g474retx.o
LOAD ./Drivers/STM32G4xx_HAL_Driver/Src/stm32g4xx_hal.o
LOAD ./Drivers/STM32G4xx_HAL_Driver/Src/stm32g4xx_hal_cortex.o
LOAD ./Drivers/STM32G4xx_HAL_Driver/Src/stm32g4xx_hal_dac.o
LOAD ./Drivers/STM32G4xx_HAL_Driver/Src/stm32g4xx_hal_dac_ex.o
LOAD ./Drivers/STM32G4xx_HAL_Driver/Src/stm32g4xx_hal_dma.o
LOAD ./Drivers/STM32G4xx_HAL_Driver/Src/stm32g4xx_hal_dma_ex.o
LOAD ./Drivers/STM32G4xx_HAL_Driver/Src/stm32g4xx_hal_exti.o
LOAD ./Drivers/STM32G4xx_HAL_Driver/Src/stm32g4xx_hal_flash.o
LOAD ./Drivers/STM32G4xx_HAL_Driver/Src/stm32g4xx_hal_flash_ex.o
LOAD ./Drivers/STM32G4xx_HAL_Driver/Src/stm32g4xx_hal_flash_ramfunc.o
LOAD ./Drivers/STM32G4xx_HAL_Driver/Src/stm32g4xx_hal_gpio.o
LOAD ./Drivers/STM32G4xx_HAL_Driver/Src/stm32g4xx_hal_pwr.o
LOAD ./Drivers/STM32G4xx_HAL_Driver/Src/stm32g4xx_hal_pwr_ex.o
LOAD ./Drivers/STM32G4xx_HAL_Driver/Src/stm32g4xx_hal_rcc.o
LOAD ./Drivers/STM32G4xx_HAL_Driver/Src/stm32g4xx_hal_rcc_ex.o
LOAD ./Drivers/STM32G4xx_HAL_Driver/Src/stm32g4xx_hal_tim.o
LOAD ./Drivers/STM32G4xx_HAL_Driver/Src/stm32g4xx_hal_tim_ex.o
START GROUP
LOAD C:/ST/STM32CubeIDE_1.13.2/STM32CubeIDE/plugins/com.st.stm32cube.ide.mcu.externaltools.gnu-tools-for-stm32.11.3.rel1.win32_1.1.100.202309141235/tools/bin/../lib/gcc/arm-none-eabi/11.3.1/../../../../arm-none-eabi/lib/thumb/v7e-m+fp/hard\libstdc++_nano.a
LOAD C:/ST/STM32CubeIDE_1.13.2/STM32CubeIDE/plugins/com.st.stm32cube.ide.mcu.externaltools.gnu-tools-for-stm32.11.3.rel1.win32_1.1.100.202309141235/tools/bin/../lib/gcc/arm-none-eabi/11.3.1/../../../../arm-none-eabi/lib/thumb/v7e-m+fp/hard\libsupc++_nano.a
END GROUP
LOAD C:/ST/STM32CubeIDE_1.13.2/STM32CubeIDE/plugins/com.st.stm32cube.ide.mcu.externaltools.gnu-tools-for-stm32.11.3.rel1.win32_1.1.100.202309141235/tools/bin/../lib/gcc/arm-none-eabi/11.3.1/../../../../arm-none-eabi/lib/thumb/v7e-m+fp/hard\libstdc++_nano.a
LOAD C:/ST/STM32CubeIDE_1.13.2/STM32CubeIDE/plugins/com.st.stm32cube.ide.mcu.externaltools.gnu-tools-for-stm32.11.3.rel1.win32_1.1.100.202309141235/tools/bin/../lib/gcc/arm-none-eabi/11.3.1/../../../../arm-none-eabi/lib/thumb/v7e-m+fp/hard\libm.a
LOAD C:/ST/STM32CubeIDE_1.13.2/STM32CubeIDE/plugins/com.st.stm32cube.ide.mcu.externaltools.gnu-tools-for-stm32.11.3.rel1.win32_1.1.100.202309141235/tools/bin/../lib/gcc/arm-none-eabi/11.3.1/../../../../arm-none-eabi/lib/thumb/v7e-m+fp/hard\libc_nano.a
START GROUP
LOAD C:/ST/STM32CubeIDE_1.13.2/STM32CubeIDE/plugins/com.st.stm32cube.ide.mcu.externaltools.gnu-tools-for-stm32.11.3.rel1.win32_1.1.100.202309141235/tools/bin/../lib/gcc/arm-none-eabi/11.3.1/thumb/v7e-m+fp/hard\libgcc.a
LOAD C:/ST/STM32CubeIDE_1.13.2/STM32CubeIDE/plugins/com.st.stm32cube.ide.mcu.externaltools.gnu-tools-for-stm32.11.3.rel1.win32_1.1.100.202309141235/tools/bin/../lib/gcc/arm-none-eabi/11.3.1/../../../../arm-none-eabi/lib/thumb/v7e-m+fp/hard\libc_nano.a
END GROUP
START GROUP
LOAD C:/ST/STM32CubeIDE_1.13.2/STM32CubeIDE/plugins/com.st.stm32cube.ide.mcu.externaltools.gnu-tools-for-stm32.11.3.rel1.win32_1.1.100.202309141235/tools/bin/../lib/gcc/arm-none-eabi/11.3.1/thumb/v7e-m+fp/hard\libgcc.a
LOAD C:/ST/STM32CubeIDE_1.13.2/STM32CubeIDE/plugins/com.st.stm32cube.ide.mcu.externaltools.gnu-tools-for-stm32.11.3.rel1.win32_1.1.100.202309141235/tools/bin/../lib/gcc/arm-none-eabi/11.3.1/../../../../arm-none-eabi/lib/thumb/v7e-m+fp/hard\libc_nano.a
LOAD C:/ST/STM32CubeIDE_1.13.2/STM32CubeIDE/plugins/com.st.stm32cube.ide.mcu.externaltools.gnu-tools-for-stm32.11.3.rel1.win32_1.1.100.202309141235/tools/bin/../lib/gcc/arm-none-eabi/11.3.1/../../../../arm-none-eabi/lib/thumb/v7e-m+fp/hard\libnosys.a
END GROUP
START GROUP
LOAD C:/ST/STM32CubeIDE_1.13.2/STM32CubeIDE/plugins/com.st.stm32cube.ide.mcu.externaltools.gnu-tools-for-stm32.11.3.rel1.win32_1.1.100.202309141235/tools/bin/../lib/gcc/arm-none-eabi/11.3.1/thumb/v7e-m+fp/hard\libgcc.a
LOAD C:/ST/STM32CubeIDE_1.13.2/STM32CubeIDE/plugins/com.st.stm32cube.ide.mcu.externaltools.gnu-tools-for-stm32.11.3.rel1.win32_1.1.100.202309141235/tools/bin/../lib/gcc/arm-none-eabi/11.3.1/../../../../arm-none-eabi/lib/thumb/v7e-m+fp/hard\libc_nano.a
LOAD C:/ST/STM32CubeIDE_1.13.2/STM32CubeIDE/plugins/com.st.stm32cube.ide.mcu.externaltools.gnu-tools-for-stm32.11.3.rel1.win32_1.1.100.202309141235/tools/bin/../lib/gcc/arm-none-eabi/11.3.1/../../../../arm-none-eabi/lib/thumb/v7e-m+fp/hard\libnosys.a
END GROUP
LOAD C:/ST/STM32CubeIDE_1.13.2/STM32CubeIDE/plugins/com.st.stm32cube.ide.mcu.externaltools.gnu-tools-for-stm32.11.3.rel1.win32_1.1.100.202309141235/tools/bin/../lib/gcc/arm-none-eabi/11.3.1/thumb/v7e-m+fp/hard/crtend.o
LOAD C:/ST/STM32CubeIDE_1.13.2/STM32CubeIDE/plugins/com.st.stm32cube.ide.mcu.externaltools.gnu-tools-for-stm32.11.3.rel1.win32_1.1.100.202309141235/tools/bin/../lib/gcc/arm-none-eabi/11.3.1/thumb/v7e-m+fp/hard/crtn.o
                0x0000000020020000                _estack = (ORIGIN (RAM) + LENGTH (RAM))
                0x0000000000000200                _Min_Heap_Size = 0x200
                0x0000000000000400                _Min_Stack_Size = 0x400

.isr_vector     0x0000000008000000      0x1d8
                0x0000000008000000                . = ALIGN (0x4)
 *(.isr_vector)
 .isr_vector    0x0000000008000000      0x1d8 ./Core/Startup/startup_stm32g474retx.o
                0x0000000008000000                g_pfnVectors
                0x00000000080001d8                . = ALIGN (0x4)

.text           0x00000000080001d8     0x3440
                0x00000000080001d8                . = ALIGN (0x4)
 *(.text)
 .text          0x00000000080001d8       0x40 C:/ST/STM32CubeIDE_1.13.2/STM32CubeIDE/plugins/com.st.stm32cube.ide.mcu.externaltools.gnu-tools-for-stm32.11.3.rel1.win32_1.1.100.202309141235/tools/bin/../lib/gcc/arm-none-eabi/11.3.1/thumb/v7e-m+fp/hard/crtbegin.o
 .text          0x0000000008000218      0x378 C:/ST/STM32CubeIDE_1.13.2/STM32CubeIDE/plugins/com.st.stm32cube.ide.mcu.externaltools.gnu-tools-for-stm32.11.3.rel1.win32_1.1.100.202309141235/tools/bin/../lib/gcc/arm-none-eabi/11.3.1/thumb/v7e-m+fp/hard\libgcc.a(_arm_addsubdf3.o)
                0x0000000008000218                __aeabi_drsub
                0x0000000008000220                __aeabi_dsub
                0x0000000008000220                __subdf3
                0x0000000008000224                __aeabi_dadd
                0x0000000008000224                __adddf3
                0x000000000800049c                __floatunsidf
                0x000000000800049c                __aeabi_ui2d
                0x00000000080004bc                __floatsidf
                0x00000000080004bc                __aeabi_i2d
                0x00000000080004e0                __aeabi_f2d
                0x00000000080004e0                __extendsfdf2
                0x0000000008000524                __floatundidf
                0x0000000008000524                __aeabi_ul2d
                0x0000000008000534                __floatdidf
                0x0000000008000534                __aeabi_l2d
 .text          0x0000000008000590      0x424 C:/ST/STM32CubeIDE_1.13.2/STM32CubeIDE/plugins/com.st.stm32cube.ide.mcu.externaltools.gnu-tools-for-stm32.11.3.rel1.win32_1.1.100.202309141235/tools/bin/../lib/gcc/arm-none-eabi/11.3.1/thumb/v7e-m+fp/hard\libgcc.a(_arm_muldivdf3.o)
                0x0000000008000590                __aeabi_dmul
                0x0000000008000590                __muldf3
                0x00000000080007e4                __divdf3
                0x00000000080007e4                __aeabi_ddiv
 .text          0x00000000080009b4      0x110 C:/ST/STM32CubeIDE_1.13.2/STM32CubeIDE/plugins/com.st.stm32cube.ide.mcu.externaltools.gnu-tools-for-stm32.11.3.rel1.win32_1.1.100.202309141235/tools/bin/../lib/gcc/arm-none-eabi/11.3.1/thumb/v7e-m+fp/hard\libgcc.a(_arm_cmpdf2.o)
                0x00000000080009b4                __gtdf2
                0x00000000080009b4                __gedf2
                0x00000000080009bc                __ltdf2
                0x00000000080009bc                __ledf2
                0x00000000080009c4                __nedf2
                0x00000000080009c4                __eqdf2
                0x00000000080009c4                __cmpdf2
                0x0000000008000a40                __aeabi_cdrcmple
                0x0000000008000a50                __aeabi_cdcmpeq
                0x0000000008000a50                __aeabi_cdcmple
                0x0000000008000a60                __aeabi_dcmpeq
                0x0000000008000a74                __aeabi_dcmplt
                0x0000000008000a88                __aeabi_dcmple
                0x0000000008000a9c                __aeabi_dcmpge
                0x0000000008000ab0                __aeabi_dcmpgt
 .text          0x0000000008000ac4       0x50 C:/ST/STM32CubeIDE_1.13.2/STM32CubeIDE/plugins/com.st.stm32cube.ide.mcu.externaltools.gnu-tools-for-stm32.11.3.rel1.win32_1.1.100.202309141235/tools/bin/../lib/gcc/arm-none-eabi/11.3.1/thumb/v7e-m+fp/hard\libgcc.a(_arm_fixdfsi.o)
                0x0000000008000ac4                __aeabi_d2iz
                0x0000000008000ac4                __fixdfsi
 .text          0x0000000008000b14       0x40 C:/ST/STM32CubeIDE_1.13.2/STM32CubeIDE/plugins/com.st.stm32cube.ide.mcu.externaltools.gnu-tools-for-stm32.11.3.rel1.win32_1.1.100.202309141235/tools/bin/../lib/gcc/arm-none-eabi/11.3.1/thumb/v7e-m+fp/hard\libgcc.a(_arm_fixunsdfsi.o)
                0x0000000008000b14                __aeabi_d2uiz
                0x0000000008000b14                __fixunsdfsi
 *(.text*)
 *fill*         0x0000000008000b54        0x4 
 .text.main     0x0000000008000b58       0xe4 ./Core/Src/main.o
                0x0000000008000b58                main
 .text.SystemClock_Config
                0x0000000008000c3c       0x92 ./Core/Src/main.o
                0x0000000008000c3c                SystemClock_Config
 *fill*         0x0000000008000cce        0x2 
 .text.MX_DAC1_Init
                0x0000000008000cd0       0x74 ./Core/Src/main.o
 .text.MX_GPIO_Init
                0x0000000008000d44       0x48 ./Core/Src/main.o
 .text.Error_Handler
                0x0000000008000d8c        0xa ./Core/Src/main.o
                0x0000000008000d8c                Error_Handler
 *fill*         0x0000000008000d96        0x2 
 .text.HAL_MspInit
                0x0000000008000d98       0x48 ./Core/Src/stm32g4xx_hal_msp.o
                0x0000000008000d98                HAL_MspInit
 .text.HAL_DAC_MspInit
                0x0000000008000de0       0x7c ./Core/Src/stm32g4xx_hal_msp.o
                0x0000000008000de0                HAL_DAC_MspInit
 .text.NMI_Handler
                0x0000000008000e5c        0x6 ./Core/Src/stm32g4xx_it.o
                0x0000000008000e5c                NMI_Handler
 .text.HardFault_Handler
                0x0000000008000e62        0x6 ./Core/Src/stm32g4xx_it.o
                0x0000000008000e62                HardFault_Handler
 .text.MemManage_Handler
                0x0000000008000e68        0x6 ./Core/Src/stm32g4xx_it.o
                0x0000000008000e68                MemManage_Handler
 .text.BusFault_Handler
                0x0000000008000e6e        0x6 ./Core/Src/stm32g4xx_it.o
                0x0000000008000e6e                BusFault_Handler
 .text.UsageFault_Handler
                0x0000000008000e74        0x6 ./Core/Src/stm32g4xx_it.o
                0x0000000008000e74                UsageFault_Handler
 .text.SVC_Handler
                0x0000000008000e7a        0xe ./Core/Src/stm32g4xx_it.o
                0x0000000008000e7a                SVC_Handler
 .text.DebugMon_Handler
                0x0000000008000e88        0xe ./Core/Src/stm32g4xx_it.o
                0x0000000008000e88                DebugMon_Handler
 .text.PendSV_Handler
                0x0000000008000e96        0xe ./Core/Src/stm32g4xx_it.o
                0x0000000008000e96                PendSV_Handler
 .text.SysTick_Handler
                0x0000000008000ea4        0xc ./Core/Src/stm32g4xx_it.o
                0x0000000008000ea4                SysTick_Handler
 .text.SystemInit
                0x0000000008000eb0       0x24 ./Core/Src/system_stm32g4xx.o
                0x0000000008000eb0                SystemInit
 .text.Reset_Handler
                0x0000000008000ed4       0x50 ./Core/Startup/startup_stm32g474retx.o
                0x0000000008000ed4                Reset_Handler
 .text.Default_Handler
                0x0000000008000f24        0x2 ./Core/Startup/startup_stm32g474retx.o
                0x0000000008000f24                RTC_Alarm_IRQHandler
                0x0000000008000f24                EXTI2_IRQHandler
                0x0000000008000f24                TIM8_TRG_COM_IRQHandler
                0x0000000008000f24                TIM8_CC_IRQHandler
                0x0000000008000f24                HRTIM1_Master_IRQHandler
                0x0000000008000f24                SPI4_IRQHandler
                0x0000000008000f24                FDCAN3_IT0_IRQHandler
                0x0000000008000f24                TIM1_CC_IRQHandler
                0x0000000008000f24                HRTIM1_FLT_IRQHandler
                0x0000000008000f24                HRTIM1_TIMF_IRQHandler
                0x0000000008000f24                USB_HP_IRQHandler
                0x0000000008000f24                CORDIC_IRQHandler
                0x0000000008000f24                HRTIM1_TIMD_IRQHandler
                0x0000000008000f24                DMA2_Channel8_IRQHandler
                0x0000000008000f24                EXTI3_IRQHandler
                0x0000000008000f24                I2C3_ER_IRQHandler
                0x0000000008000f24                EXTI0_IRQHandler
                0x0000000008000f24                I2C2_EV_IRQHandler
                0x0000000008000f24                FPU_IRQHandler
                0x0000000008000f24                FDCAN1_IT1_IRQHandler
                0x0000000008000f24                TIM1_UP_TIM16_IRQHandler
                0x0000000008000f24                ADC1_2_IRQHandler
                0x0000000008000f24                HRTIM1_TIME_IRQHandler
                0x0000000008000f24                SPI1_IRQHandler
                0x0000000008000f24                TIM6_DAC_IRQHandler
                0x0000000008000f24                HRTIM1_TIMC_IRQHandler
                0x0000000008000f24                TIM8_UP_IRQHandler
                0x0000000008000f24                DMA2_Channel2_IRQHandler
                0x0000000008000f24                DMA1_Channel4_IRQHandler
                0x0000000008000f24                TIM20_TRG_COM_IRQHandler
                0x0000000008000f24                USART3_IRQHandler
                0x0000000008000f24                DMA1_Channel7_IRQHandler
                0x0000000008000f24                UART5_IRQHandler
                0x0000000008000f24                ADC3_IRQHandler
                0x0000000008000f24                TIM4_IRQHandler
                0x0000000008000f24                DMA2_Channel1_IRQHandler
                0x0000000008000f24                QUADSPI_IRQHandler
                0x0000000008000f24                I2C1_EV_IRQHandler
                0x0000000008000f24                DMA1_Channel6_IRQHandler
                0x0000000008000f24                UART4_IRQHandler
                0x0000000008000f24                DMA2_Channel4_IRQHandler
                0x0000000008000f24                TIM3_IRQHandler
                0x0000000008000f24                RCC_IRQHandler
                0x0000000008000f24                TIM20_UP_IRQHandler
                0x0000000008000f24                DMA1_Channel1_IRQHandler
                0x0000000008000f24                Default_Handler
                0x0000000008000f24                DMA2_Channel7_IRQHandler
                0x0000000008000f24                RTC_TAMP_LSECSS_IRQHandler
                0x0000000008000f24                FMAC_IRQHandler
                0x0000000008000f24                EXTI15_10_IRQHandler
                0x0000000008000f24                DMA1_Channel8_IRQHandler
                0x0000000008000f24                HRTIM1_TIMA_IRQHandler
                0x0000000008000f24                TIM7_DAC_IRQHandler
                0x0000000008000f24                FDCAN3_IT1_IRQHandler
                0x0000000008000f24                TIM5_IRQHandler
                0x0000000008000f24                UCPD1_IRQHandler
                0x0000000008000f24                I2C3_EV_IRQHandler
                0x0000000008000f24                EXTI9_5_IRQHandler
                0x0000000008000f24                RTC_WKUP_IRQHandler
                0x0000000008000f24                PVD_PVM_IRQHandler
                0x0000000008000f24                SPI2_IRQHandler
                0x0000000008000f24                ADC5_IRQHandler
                0x0000000008000f24                DMA2_Channel5_IRQHandler
                0x0000000008000f24                CRS_IRQHandler
                0x0000000008000f24                DMA1_Channel5_IRQHandler
                0x0000000008000f24                USB_LP_IRQHandler
                0x0000000008000f24                EXTI4_IRQHandler
                0x0000000008000f24                RNG_IRQHandler
                0x0000000008000f24                HRTIM1_TIMB_IRQHandler
                0x0000000008000f24                TIM1_TRG_COM_TIM17_IRQHandler
                0x0000000008000f24                FDCAN2_IT1_IRQHandler
                0x0000000008000f24                DMA1_Channel3_IRQHandler
                0x0000000008000f24                ADC4_IRQHandler
                0x0000000008000f24                WWDG_IRQHandler
                0x0000000008000f24                I2C4_EV_IRQHandler
                0x0000000008000f24                FDCAN2_IT0_IRQHandler
                0x0000000008000f24                LPUART1_IRQHandler
                0x0000000008000f24                DMA2_Channel6_IRQHandler
                0x0000000008000f24                FDCAN1_IT0_IRQHandler
                0x0000000008000f24                TIM2_IRQHandler
                0x0000000008000f24                COMP7_IRQHandler
                0x0000000008000f24                COMP1_2_3_IRQHandler
                0x0000000008000f24                EXTI1_IRQHandler
                0x0000000008000f24                USART2_IRQHandler
                0x0000000008000f24                COMP4_5_6_IRQHandler
                0x0000000008000f24                TIM20_BRK_IRQHandler
                0x0000000008000f24                I2C2_ER_IRQHandler
                0x0000000008000f24                DMA1_Channel2_IRQHandler
                0x0000000008000f24                TIM8_BRK_IRQHandler
                0x0000000008000f24                FLASH_IRQHandler
                0x0000000008000f24                TIM20_CC_IRQHandler
                0x0000000008000f24                USART1_IRQHandler
                0x0000000008000f24                SPI3_IRQHandler
                0x0000000008000f24                I2C1_ER_IRQHandler
                0x0000000008000f24                FMC_IRQHandler
                0x0000000008000f24                LPTIM1_IRQHandler
                0x0000000008000f24                DMAMUX_OVR_IRQHandler
                0x0000000008000f24                I2C4_ER_IRQHandler
                0x0000000008000f24                USBWakeUp_IRQHandler
                0x0000000008000f24                SAI1_IRQHandler
                0x0000000008000f24                DMA2_Channel3_IRQHandler
                0x0000000008000f24                TIM1_BRK_TIM15_IRQHandler
 .text.HAL_Init
                0x0000000008000f26       0x30 ./Drivers/STM32G4xx_HAL_Driver/Src/stm32g4xx_hal.o
                0x0000000008000f26                HAL_Init
 *fill*         0x0000000008000f56        0x2 
 .text.HAL_InitTick
                0x0000000008000f58       0x74 ./Drivers/STM32G4xx_HAL_Driver/Src/stm32g4xx_hal.o
                0x0000000008000f58                HAL_InitTick
 .text.HAL_IncTick
                0x0000000008000fcc       0x24 ./Drivers/STM32G4xx_HAL_Driver/Src/stm32g4xx_hal.o
                0x0000000008000fcc                HAL_IncTick
 .text.HAL_GetTick
                0x0000000008000ff0       0x18 ./Drivers/STM32G4xx_HAL_Driver/Src/stm32g4xx_hal.o
                0x0000000008000ff0                HAL_GetTick
 .text.__NVIC_SetPriorityGrouping
                0x0000000008001008       0x48 ./Drivers/STM32G4xx_HAL_Driver/Src/stm32g4xx_hal_cortex.o
 .text.__NVIC_GetPriorityGrouping
                0x0000000008001050       0x1c ./Drivers/STM32G4xx_HAL_Driver/Src/stm32g4xx_hal_cortex.o
 .text.__NVIC_SetPriority
                0x000000000800106c       0x54 ./Drivers/STM32G4xx_HAL_Driver/Src/stm32g4xx_hal_cortex.o
 .text.NVIC_EncodePriority
                0x00000000080010c0       0x66 ./Drivers/STM32G4xx_HAL_Driver/Src/stm32g4xx_hal_cortex.o
 *fill*         0x0000000008001126        0x2 
 .text.SysTick_Config
                0x0000000008001128       0x44 ./Drivers/STM32G4xx_HAL_Driver/Src/stm32g4xx_hal_cortex.o
 .text.HAL_NVIC_SetPriorityGrouping
                0x000000000800116c       0x16 ./Drivers/STM32G4xx_HAL_Driver/Src/stm32g4xx_hal_cortex.o
                0x000000000800116c                HAL_NVIC_SetPriorityGrouping
 .text.HAL_NVIC_SetPriority
                0x0000000008001182       0x34 ./Drivers/STM32G4xx_HAL_Driver/Src/stm32g4xx_hal_cortex.o
                0x0000000008001182                HAL_NVIC_SetPriority
 .text.HAL_SYSTICK_Config
                0x00000000080011b6       0x18 ./Drivers/STM32G4xx_HAL_Driver/Src/stm32g4xx_hal_cortex.o
                0x00000000080011b6                HAL_SYSTICK_Config
 .text.HAL_DAC_Init
                0x00000000080011ce       0x44 ./Drivers/STM32G4xx_HAL_Driver/Src/stm32g4xx_hal_dac.o
                0x00000000080011ce                HAL_DAC_Init
 *fill*         0x0000000008001212        0x2 
 .text.HAL_DAC_Start
                0x0000000008001214       0xd8 ./Drivers/STM32G4xx_HAL_Driver/Src/stm32g4xx_hal_dac.o
                0x0000000008001214                HAL_DAC_Start
 .text.HAL_DAC_SetValue
                0x00000000080012ec       0x5a ./Drivers/STM32G4xx_HAL_Driver/Src/stm32g4xx_hal_dac.o
                0x00000000080012ec                HAL_DAC_SetValue
 *fill*         0x0000000008001346        0x2 
 .text.HAL_DAC_ConfigChannel
                0x0000000008001348      0x370 ./Drivers/STM32G4xx_HAL_Driver/Src/stm32g4xx_hal_dac.o
                0x0000000008001348                HAL_DAC_ConfigChannel
 .text.HAL_GPIO_Init
                0x00000000080016b8      0x304 ./Drivers/STM32G4xx_HAL_Driver/Src/stm32g4xx_hal_gpio.o
                0x00000000080016b8                HAL_GPIO_Init
 .text.HAL_PWREx_ControlVoltageScaling
                0x00000000080019bc      0x148 ./Drivers/STM32G4xx_HAL_Driver/Src/stm32g4xx_hal_pwr_ex.o
                0x00000000080019bc                HAL_PWREx_ControlVoltageScaling
 .text.HAL_PWREx_DisableUCPDDeadBattery
                0x0000000008001b04       0x20 ./Drivers/STM32G4xx_HAL_Driver/Src/stm32g4xx_hal_pwr_ex.o
                0x0000000008001b04                HAL_PWREx_DisableUCPDDeadBattery
 .text.HAL_RCC_OscConfig
                0x0000000008001b24      0x624 ./Drivers/STM32G4xx_HAL_Driver/Src/stm32g4xx_hal_rcc.o
                0x0000000008001b24                HAL_RCC_OscConfig
 .text.HAL_RCC_ClockConfig
                0x0000000008002148      0x278 ./Drivers/STM32G4xx_HAL_Driver/Src/stm32g4xx_hal_rcc.o
                0x0000000008002148                HAL_RCC_ClockConfig
 .text.HAL_RCC_GetSysClockFreq
                0x00000000080023c0       0xc4 ./Drivers/STM32G4xx_HAL_Driver/Src/stm32g4xx_hal_rcc.o
                0x00000000080023c0                HAL_RCC_GetSysClockFreq
 .text.HAL_RCC_GetHCLKFreq
                0x0000000008002484       0x18 ./Drivers/STM32G4xx_HAL_Driver/Src/stm32g4xx_hal_rcc.o
                0x0000000008002484                HAL_RCC_GetHCLKFreq
 .text.RCC_GetSysClockFreqFromPLLSource
                0x000000000800249c       0x8c ./Drivers/STM32G4xx_HAL_Driver/Src/stm32g4xx_hal_rcc.o
 .text.sin      0x0000000008002528       0xb0 C:/ST/STM32CubeIDE_1.13.2/STM32CubeIDE/plugins/com.st.stm32cube.ide.mcu.externaltools.gnu-tools-for-stm32.11.3.rel1.win32_1.1.100.202309141235/tools/bin/../lib/gcc/arm-none-eabi/11.3.1/../../../../arm-none-eabi/lib/thumb/v7e-m+fp/hard\libm.a(libm_a-s_sin.o)
                0x0000000008002528                sin
 .text.__kernel_cos
                0x00000000080025d8      0x18c C:/ST/STM32CubeIDE_1.13.2/STM32CubeIDE/plugins/com.st.stm32cube.ide.mcu.externaltools.gnu-tools-for-stm32.11.3.rel1.win32_1.1.100.202309141235/tools/bin/../lib/gcc/arm-none-eabi/11.3.1/../../../../arm-none-eabi/lib/thumb/v7e-m+fp/hard\libm.a(libm_a-k_cos.o)
                0x00000000080025d8                __kernel_cos
 *fill*         0x0000000008002764        0x4 
 .text.__kernel_sin
                0x0000000008002768      0x17c C:/ST/STM32CubeIDE_1.13.2/STM32CubeIDE/plugins/com.st.stm32cube.ide.mcu.externaltools.gnu-tools-for-stm32.11.3.rel1.win32_1.1.100.202309141235/tools/bin/../lib/gcc/arm-none-eabi/11.3.1/../../../../arm-none-eabi/lib/thumb/v7e-m+fp/hard\libm.a(libm_a-k_sin.o)
                0x0000000008002768                __kernel_sin
 *fill*         0x00000000080028e4        0x4 
 .text.__ieee754_rem_pio2
                0x00000000080028e8      0x40c C:/ST/STM32CubeIDE_1.13.2/STM32CubeIDE/plugins/com.st.stm32cube.ide.mcu.externaltools.gnu-tools-for-stm32.11.3.rel1.win32_1.1.100.202309141235/tools/bin/../lib/gcc/arm-none-eabi/11.3.1/../../../../arm-none-eabi/lib/thumb/v7e-m+fp/hard\libm.a(libm_a-e_rem_pio2.o)
                0x00000000080028e8                __ieee754_rem_pio2
 .text.fabs     0x0000000008002cf4       0x12 C:/ST/STM32CubeIDE_1.13.2/STM32CubeIDE/plugins/com.st.stm32cube.ide.mcu.externaltools.gnu-tools-for-stm32.11.3.rel1.win32_1.1.100.202309141235/tools/bin/../lib/gcc/arm-none-eabi/11.3.1/../../../../arm-none-eabi/lib/thumb/v7e-m+fp/hard\libm.a(libm_a-s_fabs.o)
                0x0000000008002cf4                fabs
 *fill*         0x0000000008002d06        0x2 
 .text.__kernel_rem_pio2
                0x0000000008002d08      0x69c C:/ST/STM32CubeIDE_1.13.2/STM32CubeIDE/plugins/com.st.stm32cube.ide.mcu.externaltools.gnu-tools-for-stm32.11.3.rel1.win32_1.1.100.202309141235/tools/bin/../lib/gcc/arm-none-eabi/11.3.1/../../../../arm-none-eabi/lib/thumb/v7e-m+fp/hard\libm.a(libm_a-k_rem_pio2.o)
                0x0000000008002d08                __kernel_rem_pio2
 *fill*         0x00000000080033a4        0x4 
 .text.scalbn   0x00000000080033a8       0xfc C:/ST/STM32CubeIDE_1.13.2/STM32CubeIDE/plugins/com.st.stm32cube.ide.mcu.externaltools.gnu-tools-for-stm32.11.3.rel1.win32_1.1.100.202309141235/tools/bin/../lib/gcc/arm-none-eabi/11.3.1/../../../../arm-none-eabi/lib/thumb/v7e-m+fp/hard\libm.a(libm_a-s_scalbn.o)
                0x00000000080033a8                scalbn
 *fill*         0x00000000080034a4        0x4 
 .text.floor    0x00000000080034a8      0x100 C:/ST/STM32CubeIDE_1.13.2/STM32CubeIDE/plugins/com.st.stm32cube.ide.mcu.externaltools.gnu-tools-for-stm32.11.3.rel1.win32_1.1.100.202309141235/tools/bin/../lib/gcc/arm-none-eabi/11.3.1/../../../../arm-none-eabi/lib/thumb/v7e-m+fp/hard\libm.a(libm_a-s_floor.o)
                0x00000000080034a8                floor
 .text.memset   0x00000000080035a8       0x10 C:/ST/STM32CubeIDE_1.13.2/STM32CubeIDE/plugins/com.st.stm32cube.ide.mcu.externaltools.gnu-tools-for-stm32.11.3.rel1.win32_1.1.100.202309141235/tools/bin/../lib/gcc/arm-none-eabi/11.3.1/../../../../arm-none-eabi/lib/thumb/v7e-m+fp/hard\libc_nano.a(libc_a-memset.o)
                0x00000000080035a8                memset
 .text.__libc_init_array
                0x00000000080035b8       0x48 C:/ST/STM32CubeIDE_1.13.2/STM32CubeIDE/plugins/com.st.stm32cube.ide.mcu.externaltools.gnu-tools-for-stm32.11.3.rel1.win32_1.1.100.202309141235/tools/bin/../lib/gcc/arm-none-eabi/11.3.1/../../../../arm-none-eabi/lib/thumb/v7e-m+fp/hard\libc_nano.a(libc_a-init.o)
                0x00000000080035b8                __libc_init_array
 *(.glue_7)
 .glue_7        0x0000000008003600        0x0 linker stubs
 *(.glue_7t)
 .glue_7t       0x0000000008003600        0x0 linker stubs
 *(.eh_frame)
 .eh_frame      0x0000000008003600        0x0 C:/ST/STM32CubeIDE_1.13.2/STM32CubeIDE/plugins/com.st.stm32cube.ide.mcu.externaltools.gnu-tools-for-stm32.11.3.rel1.win32_1.1.100.202309141235/tools/bin/../lib/gcc/arm-none-eabi/11.3.1/thumb/v7e-m+fp/hard/crtbegin.o
 *(.init)
 .init          0x0000000008003600        0x4 C:/ST/STM32CubeIDE_1.13.2/STM32CubeIDE/plugins/com.st.stm32cube.ide.mcu.externaltools.gnu-tools-for-stm32.11.3.rel1.win32_1.1.100.202309141235/tools/bin/../lib/gcc/arm-none-eabi/11.3.1/thumb/v7e-m+fp/hard/crti.o
                0x0000000008003600                _init
 .init          0x0000000008003604        0x8 C:/ST/STM32CubeIDE_1.13.2/STM32CubeIDE/plugins/com.st.stm32cube.ide.mcu.externaltools.gnu-tools-for-stm32.11.3.rel1.win32_1.1.100.202309141235/tools/bin/../lib/gcc/arm-none-eabi/11.3.1/thumb/v7e-m+fp/hard/crtn.o
 *(.fini)
 .fini          0x000000000800360c        0x4 C:/ST/STM32CubeIDE_1.13.2/STM32CubeIDE/plugins/com.st.stm32cube.ide.mcu.externaltools.gnu-tools-for-stm32.11.3.rel1.win32_1.1.100.202309141235/tools/bin/../lib/gcc/arm-none-eabi/11.3.1/thumb/v7e-m+fp/hard/crti.o
                0x000000000800360c                _fini
 .fini          0x0000000008003610        0x8 C:/ST/STM32CubeIDE_1.13.2/STM32CubeIDE/plugins/com.st.stm32cube.ide.mcu.externaltools.gnu-tools-for-stm32.11.3.rel1.win32_1.1.100.202309141235/tools/bin/../lib/gcc/arm-none-eabi/11.3.1/thumb/v7e-m+fp/hard/crtn.o
                0x0000000008003618                . = ALIGN (0x4)
                0x0000000008003618                _etext = .

.vfp11_veneer   0x0000000008003618        0x0
 .vfp11_veneer  0x0000000008003618        0x0 linker stubs

.v4_bx          0x0000000008003618        0x0
 .v4_bx         0x0000000008003618        0x0 linker stubs

.iplt           0x0000000008003618        0x0
 .iplt          0x0000000008003618        0x0 C:/ST/STM32CubeIDE_1.13.2/STM32CubeIDE/plugins/com.st.stm32cube.ide.mcu.externaltools.gnu-tools-for-stm32.11.3.rel1.win32_1.1.100.202309141235/tools/bin/../lib/gcc/arm-none-eabi/11.3.1/thumb/v7e-m+fp/hard/crtbegin.o

.rodata         0x0000000008003618      0x1e8
                0x0000000008003618                . = ALIGN (0x4)
 *(.rodata)
 *(.rodata*)
 .rodata.AHBPrescTable
                0x0000000008003618       0x10 ./Core/Src/system_stm32g4xx.o
                0x0000000008003618                AHBPrescTable
 .rodata.npio2_hw
                0x0000000008003628       0x80 C:/ST/STM32CubeIDE_1.13.2/STM32CubeIDE/plugins/com.st.stm32cube.ide.mcu.externaltools.gnu-tools-for-stm32.11.3.rel1.win32_1.1.100.202309141235/tools/bin/../lib/gcc/arm-none-eabi/11.3.1/../../../../arm-none-eabi/lib/thumb/v7e-m+fp/hard\libm.a(libm_a-e_rem_pio2.o)
 .rodata.two_over_pi
                0x00000000080036a8      0x108 C:/ST/STM32CubeIDE_1.13.2/STM32CubeIDE/plugins/com.st.stm32cube.ide.mcu.externaltools.gnu-tools-for-stm32.11.3.rel1.win32_1.1.100.202309141235/tools/bin/../lib/gcc/arm-none-eabi/11.3.1/../../../../arm-none-eabi/lib/thumb/v7e-m+fp/hard\libm.a(libm_a-e_rem_pio2.o)
 .rodata.PIo2   0x00000000080037b0       0x40 C:/ST/STM32CubeIDE_1.13.2/STM32CubeIDE/plugins/com.st.stm32cube.ide.mcu.externaltools.gnu-tools-for-stm32.11.3.rel1.win32_1.1.100.202309141235/tools/bin/../lib/gcc/arm-none-eabi/11.3.1/../../../../arm-none-eabi/lib/thumb/v7e-m+fp/hard\libm.a(libm_a-k_rem_pio2.o)
 .rodata.init_jk
                0x00000000080037f0       0x10 C:/ST/STM32CubeIDE_1.13.2/STM32CubeIDE/plugins/com.st.stm32cube.ide.mcu.externaltools.gnu-tools-for-stm32.11.3.rel1.win32_1.1.100.202309141235/tools/bin/../lib/gcc/arm-none-eabi/11.3.1/../../../../arm-none-eabi/lib/thumb/v7e-m+fp/hard\libm.a(libm_a-k_rem_pio2.o)
                0x0000000008003800                . = ALIGN (0x4)

.rel.dyn        0x0000000008003800        0x0
 .rel.iplt      0x0000000008003800        0x0 C:/ST/STM32CubeIDE_1.13.2/STM32CubeIDE/plugins/com.st.stm32cube.ide.mcu.externaltools.gnu-tools-for-stm32.11.3.rel1.win32_1.1.100.202309141235/tools/bin/../lib/gcc/arm-none-eabi/11.3.1/thumb/v7e-m+fp/hard/crtbegin.o

.ARM.extab      0x0000000008003800        0x0
                0x0000000008003800                . = ALIGN (0x4)
 *(.ARM.extab* .gnu.linkonce.armextab.*)
                0x0000000008003800                . = ALIGN (0x4)

.ARM            0x0000000008003800        0x0
                0x0000000008003800                . = ALIGN (0x4)
                0x0000000008003800                __exidx_start = .
 *(.ARM.exidx*)
                0x0000000008003800                __exidx_end = .
                0x0000000008003800                . = ALIGN (0x4)

.preinit_array  0x0000000008003800        0x0
                0x0000000008003800                . = ALIGN (0x4)
                0x0000000008003800                PROVIDE (__preinit_array_start = .)
 *(.preinit_array*)
                0x0000000008003800                PROVIDE (__preinit_array_end = .)
                0x0000000008003800                . = ALIGN (0x4)

.init_array     0x0000000008003800        0x4
                0x0000000008003800                . = ALIGN (0x4)
                0x0000000008003800                PROVIDE (__init_array_start = .)
 *(SORT_BY_NAME(.init_array.*))
 *(.init_array*)
 .init_array    0x0000000008003800        0x4 C:/ST/STM32CubeIDE_1.13.2/STM32CubeIDE/plugins/com.st.stm32cube.ide.mcu.externaltools.gnu-tools-for-stm32.11.3.rel1.win32_1.1.100.202309141235/tools/bin/../lib/gcc/arm-none-eabi/11.3.1/thumb/v7e-m+fp/hard/crtbegin.o
                0x0000000008003804                PROVIDE (__init_array_end = .)
                0x0000000008003804                . = ALIGN (0x4)

.fini_array     0x0000000008003804        0x4
                0x0000000008003804                . = ALIGN (0x4)
                [!provide]                        PROVIDE (__fini_array_start = .)
 *(SORT_BY_NAME(.fini_array.*))
 *(.fini_array*)
 .fini_array    0x0000000008003804        0x4 C:/ST/STM32CubeIDE_1.13.2/STM32CubeIDE/plugins/com.st.stm32cube.ide.mcu.externaltools.gnu-tools-for-stm32.11.3.rel1.win32_1.1.100.202309141235/tools/bin/../lib/gcc/arm-none-eabi/11.3.1/thumb/v7e-m+fp/hard/crtbegin.o
                [!provide]                        PROVIDE (__fini_array_end = .)
                0x0000000008003808                . = ALIGN (0x4)
                0x0000000008003808                _sidata = LOADADDR (.data)

.data           0x0000000020000000        0xc load address 0x0000000008003808
                0x0000000020000000                . = ALIGN (0x4)
                0x0000000020000000                _sdata = .
 *(.data)
 *(.data*)
 .data.SystemCoreClock
                0x0000000020000000        0x4 ./Core/Src/system_stm32g4xx.o
                0x0000000020000000                SystemCoreClock
 .data.uwTickPrio
                0x0000000020000004        0x4 ./Drivers/STM32G4xx_HAL_Driver/Src/stm32g4xx_hal.o
                0x0000000020000004                uwTickPrio
 .data.uwTickFreq
                0x0000000020000008        0x4 ./Drivers/STM32G4xx_HAL_Driver/Src/stm32g4xx_hal.o
                0x0000000020000008                uwTickFreq
 *(.RamFunc)
 *(.RamFunc*)
                0x000000002000000c                . = ALIGN (0x4)
                0x000000002000000c                _edata = .

.igot.plt       0x000000002000000c        0x0 load address 0x0000000008003814
 .igot.plt      0x000000002000000c        0x0 C:/ST/STM32CubeIDE_1.13.2/STM32CubeIDE/plugins/com.st.stm32cube.ide.mcu.externaltools.gnu-tools-for-stm32.11.3.rel1.win32_1.1.100.202309141235/tools/bin/../lib/gcc/arm-none-eabi/11.3.1/thumb/v7e-m+fp/hard/crtbegin.o
                0x000000002000000c                . = ALIGN (0x4)

.bss            0x000000002000000c      0x430 load address 0x0000000008003814
                0x000000002000000c                _sbss = .
                0x000000002000000c                __bss_start__ = _sbss
 *(.bss)
 .bss           0x000000002000000c       0x1c C:/ST/STM32CubeIDE_1.13.2/STM32CubeIDE/plugins/com.st.stm32cube.ide.mcu.externaltools.gnu-tools-for-stm32.11.3.rel1.win32_1.1.100.202309141235/tools/bin/../lib/gcc/arm-none-eabi/11.3.1/thumb/v7e-m+fp/hard/crtbegin.o
 *(.bss*)
 .bss.sine_value
                0x0000000020000028      0x3fc ./Core/Src/main.o
                0x0000000020000028                sine_value
 .bss.hdac1     0x0000000020000424       0x14 ./Core/Src/main.o
                0x0000000020000424                hdac1
 .bss.uwTick    0x0000000020000438        0x4 ./Drivers/STM32G4xx_HAL_Driver/Src/stm32g4xx_hal.o
                0x0000000020000438                uwTick
 *(COMMON)
                0x000000002000043c                . = ALIGN (0x4)
                0x000000002000043c                _ebss = .
                0x000000002000043c                __bss_end__ = _ebss

._user_heap_stack
                0x000000002000043c      0x604 load address 0x0000000008003814
                0x0000000020000440                . = ALIGN (0x8)
 *fill*         0x000000002000043c        0x4 
                [!provide]                        PROVIDE (end = .)
                0x0000000020000440                PROVIDE (_end = .)
                0x0000000020000640                . = (. + _Min_Heap_Size)
 *fill*         0x0000000020000440      0x200 
                0x0000000020000a40                . = (. + _Min_Stack_Size)
 *fill*         0x0000000020000640      0x400 
                0x0000000020000a40                . = ALIGN (0x8)

/DISCARD/
 libc.a(*)
 libm.a(*)
 libgcc.a(*)

.ARM.attributes
                0x0000000000000000       0x30
 *(.ARM.attributes)
 .ARM.attributes
                0x0000000000000000       0x1e C:/ST/STM32CubeIDE_1.13.2/STM32CubeIDE/plugins/com.st.stm32cube.ide.mcu.externaltools.gnu-tools-for-stm32.11.3.rel1.win32_1.1.100.202309141235/tools/bin/../lib/gcc/arm-none-eabi/11.3.1/thumb/v7e-m+fp/hard/crti.o
 .ARM.attributes
                0x000000000000001e       0x34 C:/ST/STM32CubeIDE_1.13.2/STM32CubeIDE/plugins/com.st.stm32cube.ide.mcu.externaltools.gnu-tools-for-stm32.11.3.rel1.win32_1.1.100.202309141235/tools/bin/../lib/gcc/arm-none-eabi/11.3.1/thumb/v7e-m+fp/hard/crtbegin.o
 .ARM.attributes
                0x0000000000000052       0x34 ./Core/Src/main.o
 .ARM.attributes
                0x0000000000000086       0x34 ./Core/Src/stm32g4xx_hal_msp.o
 .ARM.attributes
                0x00000000000000ba       0x34 ./Core/Src/stm32g4xx_it.o
 .ARM.attributes
                0x00000000000000ee       0x34 ./Core/Src/system_stm32g4xx.o
 .ARM.attributes
                0x0000000000000122       0x21 ./Core/Startup/startup_stm32g474retx.o
 .ARM.attributes
                0x0000000000000143       0x34 ./Drivers/STM32G4xx_HAL_Driver/Src/stm32g4xx_hal.o
 .ARM.attributes
                0x0000000000000177       0x34 ./Drivers/STM32G4xx_HAL_Driver/Src/stm32g4xx_hal_cortex.o
 .ARM.attributes
                0x00000000000001ab       0x34 ./Drivers/STM32G4xx_HAL_Driver/Src/stm32g4xx_hal_dac.o
 .ARM.attributes
                0x00000000000001df       0x34 ./Drivers/STM32G4xx_HAL_Driver/Src/stm32g4xx_hal_gpio.o
 .ARM.attributes
                0x0000000000000213       0x34 ./Drivers/STM32G4xx_HAL_Driver/Src/stm32g4xx_hal_pwr_ex.o
 .ARM.attributes
                0x0000000000000247       0x34 ./Drivers/STM32G4xx_HAL_Driver/Src/stm32g4xx_hal_rcc.o
 .ARM.attributes
                0x000000000000027b       0x34 C:/ST/STM32CubeIDE_1.13.2/STM32CubeIDE/plugins/com.st.stm32cube.ide.mcu.externaltools.gnu-tools-for-stm32.11.3.rel1.win32_1.1.100.202309141235/tools/bin/../lib/gcc/arm-none-eabi/11.3.1/../../../../arm-none-eabi/lib/thumb/v7e-m+fp/hard\libm.a(libm_a-s_sin.o)
 .ARM.attributes
                0x00000000000002af       0x34 C:/ST/STM32CubeIDE_1.13.2/STM32CubeIDE/plugins/com.st.stm32cube.ide.mcu.externaltools.gnu-tools-for-stm32.11.3.rel1.win32_1.1.100.202309141235/tools/bin/../lib/gcc/arm-none-eabi/11.3.1/../../../../arm-none-eabi/lib/thumb/v7e-m+fp/hard\libm.a(libm_a-k_cos.o)
 .ARM.attributes
                0x00000000000002e3       0x34 C:/ST/STM32CubeIDE_1.13.2/STM32CubeIDE/plugins/com.st.stm32cube.ide.mcu.externaltools.gnu-tools-for-stm32.11.3.rel1.win32_1.1.100.202309141235/tools/bin/../lib/gcc/arm-none-eabi/11.3.1/../../../../arm-none-eabi/lib/thumb/v7e-m+fp/hard\libm.a(libm_a-k_sin.o)
 .ARM.attributes
                0x0000000000000317       0x34 C:/ST/STM32CubeIDE_1.13.2/STM32CubeIDE/plugins/com.st.stm32cube.ide.mcu.externaltools.gnu-tools-for-stm32.11.3.rel1.win32_1.1.100.202309141235/tools/bin/../lib/gcc/arm-none-eabi/11.3.1/../../../../arm-none-eabi/lib/thumb/v7e-m+fp/hard\libm.a(libm_a-e_rem_pio2.o)
 .ARM.attributes
                0x000000000000034b       0x34 C:/ST/STM32CubeIDE_1.13.2/STM32CubeIDE/plugins/com.st.stm32cube.ide.mcu.externaltools.gnu-tools-for-stm32.11.3.rel1.win32_1.1.100.202309141235/tools/bin/../lib/gcc/arm-none-eabi/11.3.1/../../../../arm-none-eabi/lib/thumb/v7e-m+fp/hard\libm.a(libm_a-s_fabs.o)
 .ARM.attributes
                0x000000000000037f       0x34 C:/ST/STM32CubeIDE_1.13.2/STM32CubeIDE/plugins/com.st.stm32cube.ide.mcu.externaltools.gnu-tools-for-stm32.11.3.rel1.win32_1.1.100.202309141235/tools/bin/../lib/gcc/arm-none-eabi/11.3.1/../../../../arm-none-eabi/lib/thumb/v7e-m+fp/hard\libm.a(libm_a-k_rem_pio2.o)
 .ARM.attributes
                0x00000000000003b3       0x34 C:/ST/STM32CubeIDE_1.13.2/STM32CubeIDE/plugins/com.st.stm32cube.ide.mcu.externaltools.gnu-tools-for-stm32.11.3.rel1.win32_1.1.100.202309141235/tools/bin/../lib/gcc/arm-none-eabi/11.3.1/../../../../arm-none-eabi/lib/thumb/v7e-m+fp/hard\libm.a(libm_a-s_scalbn.o)
 .ARM.attributes
                0x00000000000003e7       0x34 C:/ST/STM32CubeIDE_1.13.2/STM32CubeIDE/plugins/com.st.stm32cube.ide.mcu.externaltools.gnu-tools-for-stm32.11.3.rel1.win32_1.1.100.202309141235/tools/bin/../lib/gcc/arm-none-eabi/11.3.1/../../../../arm-none-eabi/lib/thumb/v7e-m+fp/hard\libm.a(libm_a-s_floor.o)
 .ARM.attributes
                0x000000000000041b       0x34 C:/ST/STM32CubeIDE_1.13.2/STM32CubeIDE/plugins/com.st.stm32cube.ide.mcu.externaltools.gnu-tools-for-stm32.11.3.rel1.win32_1.1.100.202309141235/tools/bin/../lib/gcc/arm-none-eabi/11.3.1/../../../../arm-none-eabi/lib/thumb/v7e-m+fp/hard\libc_nano.a(libc_a-memset.o)
 .ARM.attributes
                0x000000000000044f       0x34 C:/ST/STM32CubeIDE_1.13.2/STM32CubeIDE/plugins/com.st.stm32cube.ide.mcu.externaltools.gnu-tools-for-stm32.11.3.rel1.win32_1.1.100.202309141235/tools/bin/../lib/gcc/arm-none-eabi/11.3.1/../../../../arm-none-eabi/lib/thumb/v7e-m+fp/hard\libc_nano.a(libc_a-init.o)
 .ARM.attributes
                0x0000000000000483       0x1e C:/ST/STM32CubeIDE_1.13.2/STM32CubeIDE/plugins/com.st.stm32cube.ide.mcu.externaltools.gnu-tools-for-stm32.11.3.rel1.win32_1.1.100.202309141235/tools/bin/../lib/gcc/arm-none-eabi/11.3.1/thumb/v7e-m+fp/hard\libgcc.a(_arm_addsubdf3.o)
 .ARM.attributes
                0x00000000000004a1       0x1e C:/ST/STM32CubeIDE_1.13.2/STM32CubeIDE/plugins/com.st.stm32cube.ide.mcu.externaltools.gnu-tools-for-stm32.11.3.rel1.win32_1.1.100.202309141235/tools/bin/../lib/gcc/arm-none-eabi/11.3.1/thumb/v7e-m+fp/hard\libgcc.a(_arm_muldivdf3.o)
 .ARM.attributes
                0x00000000000004bf       0x1e C:/ST/STM32CubeIDE_1.13.2/STM32CubeIDE/plugins/com.st.stm32cube.ide.mcu.externaltools.gnu-tools-for-stm32.11.3.rel1.win32_1.1.100.202309141235/tools/bin/../lib/gcc/arm-none-eabi/11.3.1/thumb/v7e-m+fp/hard\libgcc.a(_arm_cmpdf2.o)
 .ARM.attributes
                0x00000000000004dd       0x1e C:/ST/STM32CubeIDE_1.13.2/STM32CubeIDE/plugins/com.st.stm32cube.ide.mcu.externaltools.gnu-tools-for-stm32.11.3.rel1.win32_1.1.100.202309141235/tools/bin/../lib/gcc/arm-none-eabi/11.3.1/thumb/v7e-m+fp/hard\libgcc.a(_arm_fixdfsi.o)
 .ARM.attributes
                0x00000000000004fb       0x1e C:/ST/STM32CubeIDE_1.13.2/STM32CubeIDE/plugins/com.st.stm32cube.ide.mcu.externaltools.gnu-tools-for-stm32.11.3.rel1.win32_1.1.100.202309141235/tools/bin/../lib/gcc/arm-none-eabi/11.3.1/thumb/v7e-m+fp/hard\libgcc.a(_arm_fixunsdfsi.o)
 .ARM.attributes
                0x0000000000000519       0x1e C:/ST/STM32CubeIDE_1.13.2/STM32CubeIDE/plugins/com.st.stm32cube.ide.mcu.externaltools.gnu-tools-for-stm32.11.3.rel1.win32_1.1.100.202309141235/tools/bin/../lib/gcc/arm-none-eabi/11.3.1/thumb/v7e-m+fp/hard/crtn.o
OUTPUT(DAC_sine.elf elf32-littlearm)
LOAD linker stubs
LOAD C:/ST/STM32CubeIDE_1.13.2/STM32CubeIDE/plugins/com.st.stm32cube.ide.mcu.externaltools.gnu-tools-for-stm32.11.3.rel1.win32_1.1.100.202309141235/tools/bin/../lib/gcc/arm-none-eabi/11.3.1/../../../../arm-none-eabi/lib/thumb/v7e-m+fp/hard\libc.a
LOAD C:/ST/STM32CubeIDE_1.13.2/STM32CubeIDE/plugins/com.st.stm32cube.ide.mcu.externaltools.gnu-tools-for-stm32.11.3.rel1.win32_1.1.100.202309141235/tools/bin/../lib/gcc/arm-none-eabi/11.3.1/../../../../arm-none-eabi/lib/thumb/v7e-m+fp/hard\libm.a
LOAD C:/ST/STM32CubeIDE_1.13.2/STM32CubeIDE/plugins/com.st.stm32cube.ide.mcu.externaltools.gnu-tools-for-stm32.11.3.rel1.win32_1.1.100.202309141235/tools/bin/../lib/gcc/arm-none-eabi/11.3.1/thumb/v7e-m+fp/hard\libgcc.a

.comment        0x0000000000000000       0x43
 .comment       0x0000000000000000       0x43 C:/ST/STM32CubeIDE_1.13.2/STM32CubeIDE/plugins/com.st.stm32cube.ide.mcu.externaltools.gnu-tools-for-stm32.11.3.rel1.win32_1.1.100.202309141235/tools/bin/../lib/gcc/arm-none-eabi/11.3.1/thumb/v7e-m+fp/hard/crtbegin.o
                                         0x44 (size before relaxing)
 .comment       0x0000000000000043       0x44 ./Core/Src/main.o
 .comment       0x0000000000000043       0x44 ./Core/Src/stm32g4xx_hal_msp.o
 .comment       0x0000000000000043       0x44 ./Core/Src/stm32g4xx_it.o
 .comment       0x0000000000000043       0x44 ./Core/Src/system_stm32g4xx.o
 .comment       0x0000000000000043       0x44 ./Drivers/STM32G4xx_HAL_Driver/Src/stm32g4xx_hal.o
 .comment       0x0000000000000043       0x44 ./Drivers/STM32G4xx_HAL_Driver/Src/stm32g4xx_hal_cortex.o
 .comment       0x0000000000000043       0x44 ./Drivers/STM32G4xx_HAL_Driver/Src/stm32g4xx_hal_dac.o
 .comment       0x0000000000000043       0x44 ./Drivers/STM32G4xx_HAL_Driver/Src/stm32g4xx_hal_gpio.o
 .comment       0x0000000000000043       0x44 ./Drivers/STM32G4xx_HAL_Driver/Src/stm32g4xx_hal_pwr_ex.o
 .comment       0x0000000000000043       0x44 ./Drivers/STM32G4xx_HAL_Driver/Src/stm32g4xx_hal_rcc.o

.debug_info     0x0000000000000000     0x5fdd
 .debug_info    0x0000000000000000      0xc9f ./Core/Src/main.o
 .debug_info    0x0000000000000c9f      0x9fa ./Core/Src/stm32g4xx_hal_msp.o
 .debug_info    0x0000000000001699      0x113 ./Core/Src/stm32g4xx_it.o
 .debug_info    0x00000000000017ac      0x58e ./Core/Src/system_stm32g4xx.o
 .debug_info    0x0000000000001d3a       0x23 ./Core/Startup/startup_stm32g474retx.o
 .debug_info    0x0000000000001d5d      0xb95 ./Drivers/STM32G4xx_HAL_Driver/Src/stm32g4xx_hal.o
 .debug_info    0x00000000000028f2      0xdad ./Drivers/STM32G4xx_HAL_Driver/Src/stm32g4xx_hal_cortex.o
 .debug_info    0x000000000000369f      0xcbc ./Drivers/STM32G4xx_HAL_Driver/Src/stm32g4xx_hal_dac.o
 .debug_info    0x000000000000435b      0x763 ./Drivers/STM32G4xx_HAL_Driver/Src/stm32g4xx_hal_gpio.o
 .debug_info    0x0000000000004abe      0x93f ./Drivers/STM32G4xx_HAL_Driver/Src/stm32g4xx_hal_pwr_ex.o
 .debug_info    0x00000000000053fd      0xbe0 ./Drivers/STM32G4xx_HAL_Driver/Src/stm32g4xx_hal_rcc.o

.debug_abbrev   0x0000000000000000     0x142a
 .debug_abbrev  0x0000000000000000      0x259 ./Core/Src/main.o
 .debug_abbrev  0x0000000000000259      0x1b4 ./Core/Src/stm32g4xx_hal_msp.o
 .debug_abbrev  0x000000000000040d       0x73 ./Core/Src/stm32g4xx_it.o
 .debug_abbrev  0x0000000000000480      0x11a ./Core/Src/system_stm32g4xx.o
 .debug_abbrev  0x000000000000059a       0x12 ./Core/Startup/startup_stm32g474retx.o
 .debug_abbrev  0x00000000000005ac      0x271 ./Drivers/STM32G4xx_HAL_Driver/Src/stm32g4xx_hal.o
 .debug_abbrev  0x000000000000081d      0x31c ./Drivers/STM32G4xx_HAL_Driver/Src/stm32g4xx_hal_cortex.o
 .debug_abbrev  0x0000000000000b39      0x231 ./Drivers/STM32G4xx_HAL_Driver/Src/stm32g4xx_hal_dac.o
 .debug_abbrev  0x0000000000000d6a      0x1cb ./Drivers/STM32G4xx_HAL_Driver/Src/stm32g4xx_hal_gpio.o
 .debug_abbrev  0x0000000000000f35      0x22c ./Drivers/STM32G4xx_HAL_Driver/Src/stm32g4xx_hal_pwr_ex.o
 .debug_abbrev  0x0000000000001161      0x2c9 ./Drivers/STM32G4xx_HAL_Driver/Src/stm32g4xx_hal_rcc.o

.debug_aranges  0x0000000000000000      0x670
 .debug_aranges
                0x0000000000000000       0x40 ./Core/Src/main.o
 .debug_aranges
                0x0000000000000040       0x30 ./Core/Src/stm32g4xx_hal_msp.o
 .debug_aranges
                0x0000000000000070       0x60 ./Core/Src/stm32g4xx_it.o
 .debug_aranges
                0x00000000000000d0       0x28 ./Core/Src/system_stm32g4xx.o
 .debug_aranges
                0x00000000000000f8       0x28 ./Core/Startup/startup_stm32g474retx.o
 .debug_aranges
                0x0000000000000120      0x148 ./Drivers/STM32G4xx_HAL_Driver/Src/stm32g4xx_hal.o
 .debug_aranges
                0x0000000000000268      0x118 ./Drivers/STM32G4xx_HAL_Driver/Src/stm32g4xx_hal_cortex.o
 .debug_aranges
                0x0000000000000380       0xc0 ./Drivers/STM32G4xx_HAL_Driver/Src/stm32g4xx_hal_dac.o
 .debug_aranges
                0x0000000000000440       0x58 ./Drivers/STM32G4xx_HAL_Driver/Src/stm32g4xx_hal_gpio.o
 .debug_aranges
                0x0000000000000498      0x140 ./Drivers/STM32G4xx_HAL_Driver/Src/stm32g4xx_hal_pwr_ex.o
 .debug_aranges
                0x00000000000005d8       0x98 ./Drivers/STM32G4xx_HAL_Driver/Src/stm32g4xx_hal_rcc.o

.debug_rnglists
                0x0000000000000000      0x4b5
 .debug_rnglists
                0x0000000000000000       0x2d ./Core/Src/main.o
 .debug_rnglists
                0x000000000000002d       0x1f ./Core/Src/stm32g4xx_hal_msp.o
 .debug_rnglists
                0x000000000000004c       0x43 ./Core/Src/stm32g4xx_it.o
 .debug_rnglists
                0x000000000000008f       0x1a ./Core/Src/system_stm32g4xx.o
 .debug_rnglists
                0x00000000000000a9       0x19 ./Core/Startup/startup_stm32g474retx.o
 .debug_rnglists
                0x00000000000000c2       0xf1 ./Drivers/STM32G4xx_HAL_Driver/Src/stm32g4xx_hal.o
 .debug_rnglists
                0x00000000000001b3       0xce ./Drivers/STM32G4xx_HAL_Driver/Src/stm32g4xx_hal_cortex.o
 .debug_rnglists
                0x0000000000000281       0x90 ./Drivers/STM32G4xx_HAL_Driver/Src/stm32g4xx_hal_dac.o
 .debug_rnglists
                0x0000000000000311       0x3f ./Drivers/STM32G4xx_HAL_Driver/Src/stm32g4xx_hal_gpio.o
 .debug_rnglists
                0x0000000000000350       0xf1 ./Drivers/STM32G4xx_HAL_Driver/Src/stm32g4xx_hal_pwr_ex.o
 .debug_rnglists
                0x0000000000000441       0x74 ./Drivers/STM32G4xx_HAL_Driver/Src/stm32g4xx_hal_rcc.o

.debug_macro    0x0000000000000000    0x24032
 .debug_macro   0x0000000000000000      0x275 ./Core/Src/main.o
 .debug_macro   0x0000000000000275      0xaa8 ./Core/Src/main.o
 .debug_macro   0x0000000000000d1d      0x155 ./Core/Src/main.o
 .debug_macro   0x0000000000000e72       0x2e ./Core/Src/main.o
 .debug_macro   0x0000000000000ea0       0x28 ./Core/Src/main.o
 .debug_macro   0x0000000000000ec8       0x22 ./Core/Src/main.o
 .debug_macro   0x0000000000000eea       0x8e ./Core/Src/main.o
 .debug_macro   0x0000000000000f78       0x51 ./Core/Src/main.o
 .debug_macro   0x0000000000000fc9      0x103 ./Core/Src/main.o
 .debug_macro   0x00000000000010cc       0x6a ./Core/Src/main.o
 .debug_macro   0x0000000000001136      0x1df ./Core/Src/main.o
 .debug_macro   0x0000000000001315       0x1c ./Core/Src/main.o
 .debug_macro   0x0000000000001331       0x22 ./Core/Src/main.o
 .debug_macro   0x0000000000001353       0xfb ./Core/Src/main.o
 .debug_macro   0x000000000000144e     0x1011 ./Core/Src/main.o
 .debug_macro   0x000000000000245f      0x11f ./Core/Src/main.o
 .debug_macro   0x000000000000257e    0x18b45 ./Core/Src/main.o
 .debug_macro   0x000000000001b0c3       0x6d ./Core/Src/main.o
 .debug_macro   0x000000000001b130     0x354d ./Core/Src/main.o
 .debug_macro   0x000000000001e67d      0x174 ./Core/Src/main.o
 .debug_macro   0x000000000001e7f1       0x5c ./Core/Src/main.o
 .debug_macro   0x000000000001e84d     0x171f ./Core/Src/main.o
 .debug_macro   0x000000000001ff6c      0x600 ./Core/Src/main.o
 .debug_macro   0x000000000002056c      0x1b6 ./Core/Src/main.o
 .debug_macro   0x0000000000020722      0x34a ./Core/Src/main.o
 .debug_macro   0x0000000000020a6c      0x53c ./Core/Src/main.o
 .debug_macro   0x0000000000020fa8      0x18b ./Core/Src/main.o
 .debug_macro   0x0000000000021133       0x43 ./Core/Src/main.o
 .debug_macro   0x0000000000021176      0x23d ./Core/Src/main.o
 .debug_macro   0x00000000000213b3      0x209 ./Core/Src/main.o
 .debug_macro   0x00000000000215bc      0x107 ./Core/Src/main.o
 .debug_macro   0x00000000000216c3      0x211 ./Core/Src/main.o
 .debug_macro   0x00000000000218d4      0x45c ./Core/Src/main.o
 .debug_macro   0x0000000000021d30      0x11c ./Core/Src/main.o
 .debug_macro   0x0000000000021e4c      0x122 ./Core/Src/main.o
 .debug_macro   0x0000000000021f6e      0x3d1 ./Core/Src/main.o
 .debug_macro   0x000000000002233f      0x358 ./Core/Src/main.o
 .debug_macro   0x0000000000022697       0x61 ./Core/Src/main.o
 .debug_macro   0x00000000000226f8       0x2a ./Core/Src/main.o
 .debug_macro   0x0000000000022722       0x43 ./Core/Src/main.o
 .debug_macro   0x0000000000022765       0x34 ./Core/Src/main.o
 .debug_macro   0x0000000000022799       0x16 ./Core/Src/main.o
 .debug_macro   0x00000000000227af       0x43 ./Core/Src/main.o
 .debug_macro   0x00000000000227f2       0x34 ./Core/Src/main.o
 .debug_macro   0x0000000000022826       0x10 ./Core/Src/main.o
 .debug_macro   0x0000000000022836       0x58 ./Core/Src/main.o
 .debug_macro   0x000000000002288e       0x8e ./Core/Src/main.o
 .debug_macro   0x000000000002291c       0x1c ./Core/Src/main.o
 .debug_macro   0x0000000000022938      0x177 ./Core/Src/main.o
 .debug_macro   0x0000000000022aaf      0x369 ./Core/Src/main.o
 .debug_macro   0x0000000000022e18      0x19b ./Core/Src/main.o
 .debug_macro   0x0000000000022fb3      0x1c4 ./Core/Src/stm32g4xx_hal_msp.o
 .debug_macro   0x0000000000023177      0x1ce ./Core/Src/stm32g4xx_it.o
 .debug_macro   0x0000000000023345      0x1ba ./Core/Src/system_stm32g4xx.o
 .debug_macro   0x00000000000234ff      0x208 ./Drivers/STM32G4xx_HAL_Driver/Src/stm32g4xx_hal.o
 .debug_macro   0x0000000000023707      0x1ba ./Drivers/STM32G4xx_HAL_Driver/Src/stm32g4xx_hal_cortex.o
 .debug_macro   0x00000000000238c1      0x1d0 ./Drivers/STM32G4xx_HAL_Driver/Src/stm32g4xx_hal_dac.o
 .debug_macro   0x0000000000023a91      0x1c1 ./Drivers/STM32G4xx_HAL_Driver/Src/stm32g4xx_hal_gpio.o
 .debug_macro   0x0000000000023c52      0x1e4 ./Drivers/STM32G4xx_HAL_Driver/Src/stm32g4xx_hal_pwr_ex.o
 .debug_macro   0x0000000000023e36      0x1fc ./Drivers/STM32G4xx_HAL_Driver/Src/stm32g4xx_hal_rcc.o

.debug_line     0x0000000000000000     0x6da4
 .debug_line    0x0000000000000000      0x98b ./Core/Src/main.o
 .debug_line    0x000000000000098b      0x77f ./Core/Src/stm32g4xx_hal_msp.o
 .debug_line    0x000000000000110a      0x7f9 ./Core/Src/stm32g4xx_it.o
 .debug_line    0x0000000000001903      0x7a0 ./Core/Src/system_stm32g4xx.o
 .debug_line    0x00000000000020a3       0x7b ./Core/Startup/startup_stm32g474retx.o
 .debug_line    0x000000000000211e      0xb5f ./Drivers/STM32G4xx_HAL_Driver/Src/stm32g4xx_hal.o
 .debug_line    0x0000000000002c7d      0xcca ./Drivers/STM32G4xx_HAL_Driver/Src/stm32g4xx_hal_cortex.o
 .debug_line    0x0000000000003947      0xd0e ./Drivers/STM32G4xx_HAL_Driver/Src/stm32g4xx_hal_dac.o
 .debug_line    0x0000000000004655      0xb5a ./Drivers/STM32G4xx_HAL_Driver/Src/stm32g4xx_hal_gpio.o
 .debug_line    0x00000000000051af      0xcce ./Drivers/STM32G4xx_HAL_Driver/Src/stm32g4xx_hal_pwr_ex.o
 .debug_line    0x0000000000005e7d      0xf27 ./Drivers/STM32G4xx_HAL_Driver/Src/stm32g4xx_hal_rcc.o

.debug_str      0x0000000000000000    0xe51f3
 .debug_str     0x0000000000000000    0xe31ee ./Core/Src/main.o
                                      0xe3503 (size before relaxing)
 .debug_str     0x00000000000e31ee      0x105 ./Core/Src/stm32g4xx_hal_msp.o
                                      0xdf96c (size before relaxing)
 .debug_str     0x00000000000e32f3       0xc9 ./Core/Src/stm32g4xx_it.o
                                      0xdf3a9 (size before relaxing)
 .debug_str     0x00000000000e33bc       0xe5 ./Core/Src/system_stm32g4xx.o
                                      0xdf529 (size before relaxing)
 .debug_str     0x00000000000e34a1       0x34 ./Core/Startup/startup_stm32g474retx.o
                                         0x6f (size before relaxing)
 .debug_str     0x00000000000e34d5      0xc26 ./Drivers/STM32G4xx_HAL_Driver/Src/stm32g4xx_hal.o
                                      0xe023b (size before relaxing)
 .debug_str     0x00000000000e40fb      0x349 ./Drivers/STM32G4xx_HAL_Driver/Src/stm32g4xx_hal_cortex.o
                                      0xdfebf (size before relaxing)
 .debug_str     0x00000000000e4444      0x2c4 ./Drivers/STM32G4xx_HAL_Driver/Src/stm32g4xx_hal_dac.o
                                      0xdfbfe (size before relaxing)
 .debug_str     0x00000000000e4708      0x164 ./Drivers/STM32G4xx_HAL_Driver/Src/stm32g4xx_hal_gpio.o
                                      0xdf6b4 (size before relaxing)
 .debug_str     0x00000000000e486c      0x495 ./Drivers/STM32G4xx_HAL_Driver/Src/stm32g4xx_hal_pwr_ex.o
                                      0xdfa17 (size before relaxing)
 .debug_str     0x00000000000e4d01      0x4f2 ./Drivers/STM32G4xx_HAL_Driver/Src/stm32g4xx_hal_rcc.o
                                      0xdfc48 (size before relaxing)

.debug_frame    0x0000000000000000     0x1c28
 .debug_frame   0x0000000000000000       0xb8 ./Core/Src/main.o
 .debug_frame   0x00000000000000b8       0x7c ./Core/Src/stm32g4xx_hal_msp.o
 .debug_frame   0x0000000000000134      0x104 ./Core/Src/stm32g4xx_it.o
 .debug_frame   0x0000000000000238       0x58 ./Core/Src/system_stm32g4xx.o
 .debug_frame   0x0000000000000290      0x500 ./Drivers/STM32G4xx_HAL_Driver/Src/stm32g4xx_hal.o
 .debug_frame   0x0000000000000790      0x498 ./Drivers/STM32G4xx_HAL_Driver/Src/stm32g4xx_hal_cortex.o
 .debug_frame   0x0000000000000c28      0x338 ./Drivers/STM32G4xx_HAL_Driver/Src/stm32g4xx_hal_dac.o
 .debug_frame   0x0000000000000f60      0x14c ./Drivers/STM32G4xx_HAL_Driver/Src/stm32g4xx_hal_gpio.o
 .debug_frame   0x00000000000010ac      0x4fc ./Drivers/STM32G4xx_HAL_Driver/Src/stm32g4xx_hal_pwr_ex.o
 .debug_frame   0x00000000000015a8      0x23c ./Drivers/STM32G4xx_HAL_Driver/Src/stm32g4xx_hal_rcc.o
 .debug_frame   0x00000000000017e4       0x38 C:/ST/STM32CubeIDE_1.13.2/STM32CubeIDE/plugins/com.st.stm32cube.ide.mcu.externaltools.gnu-tools-for-stm32.11.3.rel1.win32_1.1.100.202309141235/tools/bin/../lib/gcc/arm-none-eabi/11.3.1/../../../../arm-none-eabi/lib/thumb/v7e-m+fp/hard\libm.a(libm_a-s_sin.o)
 .debug_frame   0x000000000000181c       0x3c C:/ST/STM32CubeIDE_1.13.2/STM32CubeIDE/plugins/com.st.stm32cube.ide.mcu.externaltools.gnu-tools-for-stm32.11.3.rel1.win32_1.1.100.202309141235/tools/bin/../lib/gcc/arm-none-eabi/11.3.1/../../../../arm-none-eabi/lib/thumb/v7e-m+fp/hard\libm.a(libm_a-k_cos.o)
 .debug_frame   0x0000000000001858       0x5c C:/ST/STM32CubeIDE_1.13.2/STM32CubeIDE/plugins/com.st.stm32cube.ide.mcu.externaltools.gnu-tools-for-stm32.11.3.rel1.win32_1.1.100.202309141235/tools/bin/../lib/gcc/arm-none-eabi/11.3.1/../../../../arm-none-eabi/lib/thumb/v7e-m+fp/hard\libm.a(libm_a-k_sin.o)
 .debug_frame   0x00000000000018b4       0x50 C:/ST/STM32CubeIDE_1.13.2/STM32CubeIDE/plugins/com.st.stm32cube.ide.mcu.externaltools.gnu-tools-for-stm32.11.3.rel1.win32_1.1.100.202309141235/tools/bin/../lib/gcc/arm-none-eabi/11.3.1/../../../../arm-none-eabi/lib/thumb/v7e-m+fp/hard\libm.a(libm_a-e_rem_pio2.o)
 .debug_frame   0x0000000000001904       0x20 C:/ST/STM32CubeIDE_1.13.2/STM32CubeIDE/plugins/com.st.stm32cube.ide.mcu.externaltools.gnu-tools-for-stm32.11.3.rel1.win32_1.1.100.202309141235/tools/bin/../lib/gcc/arm-none-eabi/11.3.1/../../../../arm-none-eabi/lib/thumb/v7e-m+fp/hard\libm.a(libm_a-s_fabs.o)
 .debug_frame   0x0000000000001924       0x54 C:/ST/STM32CubeIDE_1.13.2/STM32CubeIDE/plugins/com.st.stm32cube.ide.mcu.externaltools.gnu-tools-for-stm32.11.3.rel1.win32_1.1.100.202309141235/tools/bin/../lib/gcc/arm-none-eabi/11.3.1/../../../../arm-none-eabi/lib/thumb/v7e-m+fp/hard\libm.a(libm_a-k_rem_pio2.o)
 .debug_frame   0x0000000000001978       0x2c C:/ST/STM32CubeIDE_1.13.2/STM32CubeIDE/plugins/com.st.stm32cube.ide.mcu.externaltools.gnu-tools-for-stm32.11.3.rel1.win32_1.1.100.202309141235/tools/bin/../lib/gcc/arm-none-eabi/11.3.1/../../../../arm-none-eabi/lib/thumb/v7e-m+fp/hard\libm.a(libm_a-s_scalbn.o)
 .debug_frame   0x00000000000019a4       0x30 C:/ST/STM32CubeIDE_1.13.2/STM32CubeIDE/plugins/com.st.stm32cube.ide.mcu.externaltools.gnu-tools-for-stm32.11.3.rel1.win32_1.1.100.202309141235/tools/bin/../lib/gcc/arm-none-eabi/11.3.1/../../../../arm-none-eabi/lib/thumb/v7e-m+fp/hard\libm.a(libm_a-s_floor.o)
 .debug_frame   0x00000000000019d4       0x20 C:/ST/STM32CubeIDE_1.13.2/STM32CubeIDE/plugins/com.st.stm32cube.ide.mcu.externaltools.gnu-tools-for-stm32.11.3.rel1.win32_1.1.100.202309141235/tools/bin/../lib/gcc/arm-none-eabi/11.3.1/../../../../arm-none-eabi/lib/thumb/v7e-m+fp/hard\libc_nano.a(libc_a-memset.o)
 .debug_frame   0x00000000000019f4       0x2c C:/ST/STM32CubeIDE_1.13.2/STM32CubeIDE/plugins/com.st.stm32cube.ide.mcu.externaltools.gnu-tools-for-stm32.11.3.rel1.win32_1.1.100.202309141235/tools/bin/../lib/gcc/arm-none-eabi/11.3.1/../../../../arm-none-eabi/lib/thumb/v7e-m+fp/hard\libc_nano.a(libc_a-init.o)
 .debug_frame   0x0000000000001a20       0xac C:/ST/STM32CubeIDE_1.13.2/STM32CubeIDE/plugins/com.st.stm32cube.ide.mcu.externaltools.gnu-tools-for-stm32.11.3.rel1.win32_1.1.100.202309141235/tools/bin/../lib/gcc/arm-none-eabi/11.3.1/thumb/v7e-m+fp/hard\libgcc.a(_arm_addsubdf3.o)
 .debug_frame   0x0000000000001acc       0x50 C:/ST/STM32CubeIDE_1.13.2/STM32CubeIDE/plugins/com.st.stm32cube.ide.mcu.externaltools.gnu-tools-for-stm32.11.3.rel1.win32_1.1.100.202309141235/tools/bin/../lib/gcc/arm-none-eabi/11.3.1/thumb/v7e-m+fp/hard\libgcc.a(_arm_muldivdf3.o)
 .debug_frame   0x0000000000001b1c       0xc4 C:/ST/STM32CubeIDE_1.13.2/STM32CubeIDE/plugins/com.st.stm32cube.ide.mcu.externaltools.gnu-tools-for-stm32.11.3.rel1.win32_1.1.100.202309141235/tools/bin/../lib/gcc/arm-none-eabi/11.3.1/thumb/v7e-m+fp/hard\libgcc.a(_arm_cmpdf2.o)
 .debug_frame   0x0000000000001be0       0x24 C:/ST/STM32CubeIDE_1.13.2/STM32CubeIDE/plugins/com.st.stm32cube.ide.mcu.externaltools.gnu-tools-for-stm32.11.3.rel1.win32_1.1.100.202309141235/tools/bin/../lib/gcc/arm-none-eabi/11.3.1/thumb/v7e-m+fp/hard\libgcc.a(_arm_fixdfsi.o)
 .debug_frame   0x0000000000001c04       0x24 C:/ST/STM32CubeIDE_1.13.2/STM32CubeIDE/plugins/com.st.stm32cube.ide.mcu.externaltools.gnu-tools-for-stm32.11.3.rel1.win32_1.1.100.202309141235/tools/bin/../lib/gcc/arm-none-eabi/11.3.1/thumb/v7e-m+fp/hard\libgcc.a(_arm_fixunsdfsi.o)

.debug_line_str
                0x0000000000000000       0x63
 .debug_line_str
                0x0000000000000000       0x63 ./Core/Startup/startup_stm32g474retx.o
                                         0x7b (size before relaxing)
