19:43:42 **** Incremental Build of configuration Debug for project LCD1602_F103C6 ****
make -j12 all 
arm-none-eabi-gcc "../Core/Src/main.c" -mcpu=cortex-m3 -std=gnu11 -g3 -DDEBUG -DUSE_HAL_DRIVER -DSTM32F103x6 -c -I../Core/Inc -I../Drivers/STM32F1xx_HAL_Driver/Inc/Legacy -I../Drivers/STM32F1xx_HAL_Driver/Inc -I../Drivers/CMSIS/Device/ST/STM32F1xx/Include -I../Drivers/CMSIS/Include -O0 -ffunction-sections -fdata-sections -Wall -fstack-usage -fcyclomatic-complexity -MMD -MP -MF"Core/Src/main.d" -MT"Core/Src/main.o" --specs=nano.specs -mfloat-abi=soft -mthumb -o "Core/Src/main.o"
arm-none-eabi-gcc -o "LCD1602_F103C6.elf" @"objects.list"   -mcpu=cortex-m3 -T"C:\Users\Alex\STM32CubeIDE\workspace_1.16.0\LCD1602_F103C6\STM32F103C6TX_FLASH.ld" --specs=nosys.specs -Wl,-Map="LCD1602_F103C6.map" -Wl,--gc-sections -static --specs=nano.specs -mfloat-abi=soft -mthumb -Wl,--start-group -lc -lm -Wl,--end-group
Finished building target: LCD1602_F103C6.elf
 
arm-none-eabi-size  LCD1602_F103C6.elf 
arm-none-eabi-objdump -h -S LCD1602_F103C6.elf  > "LCD1602_F103C6.list"
   text	   data	    bss	    dec	    hex	filename
   8000	     16	   1656	   9672	   25c8	LCD1602_F103C6.elf
Finished building: default.size.stdout
 
Finished building: LCD1602_F103C6.list
 
arm-none-eabi-objcopy -O ihex LCD1602_F103C6.elf LCD1602_F103C6.hex
 

19:43:43 Build Finished. 0 errors, 0 warnings. (took 745ms)

