18:12:08 **** Incremental Build of configuration Debug for project Lesson5_tim ****
make -j12 all 
arm-none-eabi-gcc "../Core/Src/main.c" -mcpu=cortex-m4 -std=gnu11 -g3 -DDEBUG -DUSE_HAL_DRIVER -DSTM32F401xE -c -I../Core/Inc -I../Drivers/STM32F4xx_HAL_Driver/Inc -I../Drivers/STM32F4xx_HAL_Driver/Inc/Legacy -I../Drivers/CMSIS/Device/ST/STM32F4xx/Include -I../Drivers/CMSIS/Include -O0 -ffunction-sections -fdata-sections -Wall -fstack-usage -fcyclomatic-complexity -MMD -MP -MF"Core/Src/main.d" -MT"Core/Src/main.o" --specs=nano.specs -mfpu=fpv4-sp-d16 -mfloat-abi=hard -mthumb -o "Core/Src/main.o"
arm-none-eabi-gcc -o "Lesson5_tim.elf" @"objects.list"   -mcpu=cortex-m4 -T"C:\Users\Alex\STM32CubeIDE\workspace_1.16.0\Lesson5_tim\STM32F401RETX_FLASH.ld" --specs=nosys.specs -Wl,-Map="Lesson5_tim.map" -Wl,--gc-sections -static --specs=nano.specs -mfpu=fpv4-sp-d16 -mfloat-abi=hard -mthumb -Wl,--start-group -lc -lm -Wl,--end-group
Finished building target: Lesson5_tim.elf
 
arm-none-eabi-size  Lesson5_tim.elf 
arm-none-eabi-objdump -h -S Lesson5_tim.elf  > "Lesson5_tim.list"
   text	   data	    bss	    dec	    hex	filename
   7624	     12	   1644	   9280	   2440	Lesson5_tim.elf
Finished building: default.size.stdout
 
Finished building: Lesson5_tim.list
 
arm-none-eabi-objcopy -O ihex Lesson5_tim.elf Lesson5_tim.hex
 

18:12:09 Build Finished. 0 errors, 0 warnings. (took 1s.66ms)

